/*C5*/SET SCHEMA PUBLIC
DISCONNECT
/*C6*/SET SCHEMA PUBLIC
DELETE FROM SOLICITUD WHERE OID='4028c4eb90a153850190a153df730000'
COMMIT
INSERT INTO SOLICITUD VALUES('Asistencia','4028c4eb90a158730190a15939880000','asd',NULL,'asd','4028c4eb909174a30190917502500000','4028c4eb909baf6f01909bb041260000',NULL,NULL,'Asistencia',NULL,'','4028c4eb9096ccb8019096d770130000',NULL,NULL,NULL)
COMMIT
DELETE FROM SOLICITUD WHERE OID='4028c4eb90a158730190a15939880000'
INSERT INTO SOLICITUD VALUES('Asistencia','4028c4eb90a158730190a15939880000','asd',NULL,'asd','4028c4eb909174a30190917502500000','4028c4eb909baf6f01909bb041260000',NULL,NULL,'Asistencia',NULL,'ESPERANDO POR AYUDA','4028c4eb9096ccb8019096d770130000',NULL,NULL,NULL)
COMMIT
DELETE FROM SOLICITUD WHERE OID='4028c4eb90a158730190a15939880000'
INSERT INTO SOLICITUD VALUES('Asistencia','4028c4eb90a158730190a15939880000','asd',NULL,'asd','4028c4eb909174a30190917502500000','4028c4eb909baf6f01909bb041260000',NULL,NULL,'Asistencia',NULL,'ESPERANDO POR AYUDA','4028c4eb9096e58f019096ea802a0003',NULL,NULL,NULL)
COMMIT
DELETE FROM SOLICITUD WHERE OID='4028c4eb90a158730190a15939880000'
INSERT INTO SOLICITUD VALUES('Asistencia','4028c4eb90a158730190a15939880000','asd',NULL,'asd','4028c4eb909174a30190917502500000','4028c4eb909baf6f01909bb041260000',NULL,NULL,'Asistencia',NULL,'ESCALADO','4028c4eb9096e58f019096ea802a0003',NULL,NULL,NULL)
COMMIT
DELETE FROM SOLICITUD WHERE OID='4028c4eb90a158730190a15939880000'
INSERT INTO SOLICITUD VALUES('Asistencia','4028c4eb90a158730190a15939880000','asd',NULL,'asd','4028c4eb909174a30190917502500000','4028c4eb909baf6f01909bb041260000',NULL,NULL,'Asistencia',NULL,'ESCALADO','4028c4eb9096e58f019096ecebcb0006',NULL,NULL,NULL)
COMMIT
DELETE FROM SOLICITUD WHERE OID='4028c4eb90a158730190a15939880000'
COMMIT
INSERT INTO SOLICITUD VALUES('Asistencia','4028c4eb90a158730190a15a7a530001','esta es una prueba de la solicitud de asistencia.',NULL,'Prueba Asistencia','4028c4eb909174a30190917502500000','4028c4eb909baf6f01909bb041260000',NULL,NULL,'Asistencia',NULL,'','4028c4eb9096ccb8019096d770130000',NULL,NULL,NULL)
COMMIT
DELETE FROM SOLICITUD WHERE OID='4028c4eb90a158730190a15a7a530001'
INSERT INTO SOLICITUD VALUES('Asistencia','4028c4eb90a158730190a15a7a530001','esta es una prueba de la solicitud de asistencia.',NULL,'Prueba Asistencia','4028c4eb909174a30190917502500000','4028c4eb909baf6f01909bb041260000',NULL,NULL,'Asistencia',NULL,'ESPERANDO POR AYUDA','4028c4eb9096ccb8019096d770130000',NULL,NULL,NULL)
COMMIT
DELETE FROM SOLICITUD WHERE OID='4028c4eb90a158730190a15a7a530001'
INSERT INTO SOLICITUD VALUES('Asistencia','4028c4eb90a158730190a15a7a530001','esta es una prueba de la solicitud de asistencia.',NULL,'Prueba Asistencia','4028c4eb909174a30190917502500000','4028c4eb909baf6f01909bb041260000',NULL,NULL,'Asistencia',NULL,'ESPERANDO POR AYUDA','4028c4eb9096e58f019096ea802a0003',NULL,NULL,NULL)
COMMIT
DELETE FROM SOLICITUD WHERE OID='4028c4eb90a158730190a15a7a530001'
INSERT INTO SOLICITUD VALUES('Asistencia','4028c4eb90a158730190a15a7a530001','esta es una prueba de la solicitud de asistencia.',NULL,'Prueba Asistencia','4028c4eb909174a30190917502500000','4028c4eb909baf6f01909bb041260000',NULL,NULL,'Asistencia',NULL,'ESCALADO','4028c4eb9096e58f019096ea802a0003',NULL,NULL,NULL)
COMMIT
DELETE FROM SOLICITUD WHERE OID='4028c4eb90a158730190a15a7a530001'
INSERT INTO SOLICITUD VALUES('Asistencia','4028c4eb90a158730190a15a7a530001','esta es una prueba de la solicitud de asistencia.',NULL,'Prueba Asistencia','4028c4eb909174a30190917502500000','4028c4eb909baf6f01909bb041260000',NULL,NULL,'Asistencia',NULL,'ESCALADO','4028c4eb9096e58f019096edaa450007',NULL,NULL,NULL)
COMMIT
DELETE FROM SOLICITUD WHERE OID='4028c4eb90a158730190a15a7a530001'
INSERT INTO SOLICITUD VALUES('Asistencia','4028c4eb90a158730190a15a7a530001','esta es una prueba de la solicitud de asistencia.',NULL,'Prueba Asistencia','4028c4eb909174a30190917502500000','4028c4eb909baf6f01909bb041260000',NULL,NULL,'Asistencia',NULL,'EN CURSO','4028c4eb9096e58f019096edaa450007',NULL,NULL,NULL)
COMMIT
DELETE FROM SOLICITUD WHERE OID='4028c4eb90a158730190a15a7a530001'
INSERT INTO SOLICITUD VALUES('Asistencia','4028c4eb90a158730190a15a7a530001','esta es una prueba de la solicitud de asistencia.',NULL,'Prueba Asistencia','4028c4eb909174a30190917502500000','4028c4eb909baf6f01909bb041260000',NULL,NULL,'Asistencia',NULL,'EN CURSO','4028c4eb9096e58f019096fc385d000f',NULL,NULL,NULL)
COMMIT
DELETE FROM SOLICITUD WHERE OID='4028c4eb90a158730190a15a7a530001'
INSERT INTO SOLICITUD VALUES('Asistencia','4028c4eb90a158730190a15a7a530001','esta es una prueba de la solicitud de asistencia.',NULL,'Prueba Asistencia','4028c4eb909174a30190917502500000','4028c4eb909baf6f01909bb041260000',NULL,NULL,'Asistencia',NULL,'RESUELTO','4028c4eb9096e58f019096fc385d000f',NULL,NULL,NULL)
COMMIT
DELETE FROM SOLICITUD WHERE OID='4028c4eb90a158730190a15a7a530001'
INSERT INTO SOLICITUD VALUES('Asistencia','4028c4eb90a158730190a15a7a530001','esta es una prueba de la solicitud de asistencia.',NULL,'Prueba Asistencia','4028c4eb909174a30190917502500000','4028c4eb909baf6f01909bb041260000',NULL,NULL,'Asistencia',NULL,'RESUELTO','4028c4eb9096e58f0190970449470016',NULL,NULL,NULL)
COMMIT
DELETE FROM SOLICITUD WHERE OID='4028c4eb90a158730190a15a7a530001'
INSERT INTO SOLICITUD VALUES('Asistencia','4028c4eb90a158730190a15a7a530001','esta es una prueba de la solicitud de asistencia.',NULL,'Prueba Asistencia','4028c4eb909174a30190917502500000','4028c4eb909baf6f01909bb041260000',NULL,NULL,'Asistencia',NULL,'CERRADO','4028c4eb9096e58f0190970449470016',NULL,NULL,NULL)
COMMIT
DELETE FROM SOLICITUD WHERE OID='4028c4eb90a158730190a15a7a530001'
COMMIT
INSERT INTO SOLICITUD VALUES('Asistencia','4028c4eb90a158730190a16481100002','esta es una prueba de la solicitud de asistencia.',NULL,'Prueba Asistencia','4028c4eb909174a30190917502500000','4028c4eb909baf6f01909bb041260000',NULL,NULL,'Asistencia',NULL,'','4028c4eb9096ccb8019096d770130000',NULL,NULL,NULL)
COMMIT
DELETE FROM SOLICITUD WHERE OID='4028c4eb90a158730190a16481100002'
INSERT INTO SOLICITUD VALUES('Asistencia','4028c4eb90a158730190a16481100002','esta es una prueba de la solicitud de asistencia.',NULL,'Prueba Asistencia','4028c4eb909174a30190917502500000','4028c4eb909baf6f01909bb041260000',NULL,NULL,'Asistencia',NULL,'ESPERANDO POR AYUDA','4028c4eb9096ccb8019096d770130000',NULL,NULL,NULL)
COMMIT
DELETE FROM SOLICITUD WHERE OID='4028c4eb90a158730190a16481100002'
INSERT INTO SOLICITUD VALUES('Asistencia','4028c4eb90a158730190a16481100002','esta es una prueba de la solicitud de asistencia.',NULL,'Prueba Asistencia','4028c4eb909174a30190917502500000','4028c4eb909baf6f01909bb041260000',NULL,NULL,'Asistencia',NULL,'ESPERANDO POR AYUDA','4028c4eb9096e58f019096ea802a0003',NULL,NULL,NULL)
COMMIT
DELETE FROM SOLICITUD WHERE OID='4028c4eb90a158730190a16481100002'
INSERT INTO SOLICITUD VALUES('Asistencia','4028c4eb90a158730190a16481100002','esta es una prueba de la solicitud de asistencia.',NULL,'Prueba Asistencia','4028c4eb909174a30190917502500000','4028c4eb909baf6f01909bb041260000',NULL,NULL,'Asistencia',NULL,'ESCALADO','4028c4eb9096e58f019096ea802a0003',NULL,NULL,NULL)
COMMIT
DELETE FROM SOLICITUD WHERE OID='4028c4eb90a158730190a16481100002'
INSERT INTO SOLICITUD VALUES('Asistencia','4028c4eb90a158730190a16481100002','esta es una prueba de la solicitud de asistencia.',NULL,'Prueba Asistencia','4028c4eb909174a30190917502500000','4028c4eb909baf6f01909bb041260000',NULL,NULL,'Asistencia',NULL,'ESCALADO','4028c4eb9096e58f019096edaa450007',NULL,NULL,NULL)
COMMIT
DELETE FROM SOLICITUD WHERE OID='4028c4eb90a158730190a16481100002'
INSERT INTO SOLICITUD VALUES('Asistencia','4028c4eb90a158730190a16481100002','esta es una prueba de la solicitud de asistencia.',NULL,'Prueba Asistencia','4028c4eb909174a30190917502500000','4028c4eb909baf6f01909bb041260000',NULL,NULL,'Asistencia',NULL,'EN CURSO','4028c4eb9096e58f019096edaa450007',NULL,NULL,NULL)
COMMIT
DELETE FROM SOLICITUD WHERE OID='4028c4eb90a158730190a16481100002'
INSERT INTO SOLICITUD VALUES('Asistencia','4028c4eb90a158730190a16481100002','esta es una prueba de la solicitud de asistencia.',NULL,'Prueba Asistencia','4028c4eb909174a30190917502500000','4028c4eb909baf6f01909bb041260000',NULL,NULL,'Asistencia',NULL,'EN CURSO','4028c4eb9096e58f019096fc385d000f',NULL,NULL,NULL)
COMMIT
DELETE FROM SOLICITUD WHERE OID='4028c4eb90a158730190a16481100002'
INSERT INTO SOLICITUD VALUES('Asistencia','4028c4eb90a158730190a16481100002','esta es una prueba de la solicitud de asistencia.',NULL,'Prueba Asistencia','4028c4eb909174a30190917502500000','4028c4eb909baf6f01909bb041260000',NULL,NULL,'Asistencia',NULL,'RESUELTO','4028c4eb9096e58f019096fc385d000f',NULL,NULL,NULL)
COMMIT
DELETE FROM SOLICITUD WHERE OID='4028c4eb90a158730190a16481100002'
INSERT INTO SOLICITUD VALUES('Asistencia','4028c4eb90a158730190a16481100002','esta es una prueba de la solicitud de asistencia.',NULL,'Prueba Asistencia','4028c4eb909174a30190917502500000','4028c4eb909baf6f01909bb041260000',NULL,NULL,'Asistencia',NULL,'RESUELTO','4028c4eb9096e58f0190970449470016',NULL,NULL,NULL)
COMMIT
DELETE FROM SOLICITUD WHERE OID='4028c4eb90a158730190a16481100002'
INSERT INTO SOLICITUD VALUES('Asistencia','4028c4eb90a158730190a16481100002','esta es una prueba de la solicitud de asistencia.',NULL,'Prueba Asistencia','4028c4eb909174a30190917502500000','4028c4eb909baf6f01909bb041260000',NULL,NULL,'Asistencia',NULL,'CERRADO','4028c4eb9096e58f0190970449470016',NULL,NULL,NULL)
COMMIT
INSERT INTO SOLICITUD VALUES('Cambio','4028c4eb90a158730190a167f3140003','esto es una prueba de la pantalla de Cambio.',NULL,'Prueba Cambio','4028c4eb909174a30190917502500000','4028c4eb909baf6f01909bb041260000',NULL,NULL,'Cambio',NULL,'','4028c4eb90974bb701909750c2000000',NULL,NULL,NULL)
COMMIT
DELETE FROM SOLICITUD WHERE OID='4028c4eb90a158730190a167f3140003'
INSERT INTO SOLICITUD VALUES('Cambio','4028c4eb90a158730190a167f3140003','esto es una prueba de la pantalla de Cambio.',NULL,'Prueba Cambio','4028c4eb909174a30190917502500000','4028c4eb909baf6f01909bb041260000',NULL,NULL,'Cambio',NULL,'REVISAR','4028c4eb90974bb701909750c2000000',NULL,NULL,NULL)
COMMIT
DELETE FROM SOLICITUD WHERE OID='4028c4eb90a158730190a167f3140003'
INSERT INTO SOLICITUD VALUES('Cambio','4028c4eb90a158730190a167f3140003','esto es una prueba de la pantalla de Cambio.',NULL,'Prueba Cambio','4028c4eb909174a30190917502500000','4028c4eb909baf6f01909bb041260000',NULL,NULL,'Cambio',NULL,'REVISAR','4028c4eb90974bb701909753a83a0003',NULL,NULL,NULL)
COMMIT
DELETE FROM SOLICITUD WHERE OID='4028c4eb90a158730190a167f3140003'
INSERT INTO SOLICITUD VALUES('Cambio','4028c4eb90a158730190a167f3140003','esto es una prueba de la pantalla de Cambio.',NULL,'Prueba Cambio','4028c4eb909174a30190917502500000','4028c4eb909baf6f01909bb041260000',NULL,NULL,'Cambio',NULL,'PLANIFICACI\u00d3N','4028c4eb90974bb701909753a83a0003',NULL,NULL,NULL)
COMMIT
DELETE FROM SOLICITUD WHERE OID='4028c4eb90a158730190a167f3140003'
INSERT INTO SOLICITUD VALUES('Cambio','4028c4eb90a158730190a167f3140003','esto es una prueba de la pantalla de Cambio.',NULL,'Prueba Cambio','4028c4eb909174a30190917502500000','4028c4eb909baf6f01909bb041260000',NULL,NULL,'Cambio',NULL,'PLANIFICACI\u00d3N','4028c4eb90974bb701909761a3890009',NULL,NULL,NULL)
COMMIT
DELETE FROM SOLICITUD WHERE OID='4028c4eb90a158730190a167f3140003'
INSERT INTO SOLICITUD VALUES('Cambio','4028c4eb90a158730190a167f3140003','esto es una prueba de la pantalla de Cambio.',NULL,'Prueba Cambio','4028c4eb909174a30190917502500000','4028c4eb909baf6f01909bb041260000',NULL,NULL,'Cambio',NULL,'AUTORIZAR','4028c4eb90974bb701909761a3890009',NULL,NULL,NULL)
COMMIT
DELETE FROM SOLICITUD WHERE OID='4028c4eb90a158730190a167f3140003'
INSERT INTO SOLICITUD VALUES('Cambio','4028c4eb90a158730190a167f3140003','esto es una prueba de la pantalla de Cambio.',NULL,'Prueba Cambio','4028c4eb909174a30190917502500000','4028c4eb909baf6f01909bb041260000',NULL,NULL,'Cambio',NULL,'AUTORIZAR','4028c4eb90974bb701909767ede4000d',NULL,NULL,NULL)
COMMIT
DELETE FROM SOLICITUD WHERE OID='4028c4eb90a158730190a167f3140003'
COMMIT
DELETE FROM SOLICITUD WHERE OID='4028c4eb90a158730190a16481100002'
COMMIT
INSERT INTO SOLICITUD VALUES('Cambio','4028c4eb90a158730190a17371330004','esto es una prueba de la pantalla de Cambio.',NULL,'Prueba Cambio','4028c4eb909174a30190917502500000','4028c4eb909baf6f01909bb041260000',NULL,NULL,'Cambio',NULL,'','4028c4eb90974bb701909750c2000000',NULL,NULL,NULL)
COMMIT
DELETE FROM SOLICITUD WHERE OID='4028c4eb90a158730190a17371330004'
INSERT INTO SOLICITUD VALUES('Cambio','4028c4eb90a158730190a17371330004','esto es una prueba de la pantalla de Cambio.',NULL,'Prueba Cambio','4028c4eb909174a30190917502500000','4028c4eb909baf6f01909bb041260000',NULL,NULL,'Cambio',NULL,'REVISAR','4028c4eb90974bb701909750c2000000',NULL,NULL,NULL)
COMMIT
DELETE FROM SOLICITUD WHERE OID='4028c4eb90a158730190a17371330004'
INSERT INTO SOLICITUD VALUES('Cambio','4028c4eb90a158730190a17371330004','esto es una prueba de la pantalla de Cambio.',NULL,'Prueba Cambio','4028c4eb909174a30190917502500000','4028c4eb909baf6f01909bb041260000',NULL,NULL,'Cambio',NULL,'REVISAR','4028c4eb90974bb701909753a83a0003',NULL,NULL,NULL)
COMMIT
DELETE FROM SOLICITUD WHERE OID='4028c4eb90a158730190a17371330004'
INSERT INTO SOLICITUD VALUES('Cambio','4028c4eb90a158730190a17371330004','esto es una prueba de la pantalla de Cambio.',NULL,'Prueba Cambio','4028c4eb909174a30190917502500000','4028c4eb909baf6f01909bb041260000',NULL,NULL,'Cambio',NULL,'PLANIFICACI\u00d3N','4028c4eb90974bb701909753a83a0003',NULL,NULL,NULL)
COMMIT
DELETE FROM SOLICITUD WHERE OID='4028c4eb90a158730190a17371330004'
INSERT INTO SOLICITUD VALUES('Cambio','4028c4eb90a158730190a17371330004','esto es una prueba de la pantalla de Cambio.',NULL,'Prueba Cambio','4028c4eb909174a30190917502500000','4028c4eb909baf6f01909bb041260000',NULL,NULL,'Cambio',NULL,'PLANIFICACI\u00d3N','4028c4eb90974bb701909761a3890009',NULL,NULL,NULL)
COMMIT
DELETE FROM SOLICITUD WHERE OID='4028c4eb90a158730190a17371330004'
INSERT INTO SOLICITUD VALUES('Cambio','4028c4eb90a158730190a17371330004','esto es una prueba de la pantalla de Cambio.',NULL,'Prueba Cambio','4028c4eb909174a30190917502500000','4028c4eb909baf6f01909bb041260000',NULL,NULL,'Cambio',NULL,'AUTORIZAR','4028c4eb90974bb701909761a3890009',NULL,NULL,NULL)
COMMIT
DELETE FROM SOLICITUD WHERE OID='4028c4eb90a158730190a17371330004'
INSERT INTO SOLICITUD VALUES('Cambio','4028c4eb90a158730190a17371330004','esto es una prueba de la pantalla de Cambio.',NULL,'Prueba Cambio','4028c4eb909174a30190917502500000','4028c4eb909baf6f01909bb041260000',NULL,NULL,'Cambio',NULL,'AUTORIZAR','4028c4eb90974bb7019097678dd5000c',NULL,NULL,NULL)
COMMIT
DELETE FROM SOLICITUD WHERE OID='4028c4eb90a158730190a17371330004'
INSERT INTO SOLICITUD VALUES('Cambio','4028c4eb90a158730190a17371330004','esto es una prueba de la pantalla de Cambio.',NULL,'Prueba Cambio','4028c4eb909174a30190917502500000','4028c4eb909baf6f01909bb041260000',NULL,NULL,'Cambio',NULL,'RECHAZADO','4028c4eb90974bb7019097678dd5000c',NULL,NULL,NULL)
COMMIT
DELETE FROM SOLICITUD WHERE OID='4028c4eb90a158730190a17371330004'
INSERT INTO SOLICITUD VALUES('Cambio','4028c4eb90a158730190a17371330004','esto es una prueba de la pantalla de Cambio.',NULL,'Prueba Cambio','4028c4eb909174a30190917502500000','4028c4eb909baf6f01909bb041260000',NULL,NULL,'Cambio',NULL,'RECHAZADO','4028c4eb90974bb70190976c8b84000e',NULL,NULL,NULL)
COMMIT
DELETE FROM SOLICITUD WHERE OID='4028c4eb90a158730190a17371330004'
INSERT INTO SOLICITUD VALUES('Cambio','4028c4eb90a158730190a17371330004','esto es una prueba de la pantalla de Cambio.',NULL,'Prueba Cambio','4028c4eb909174a30190917502500000','4028c4eb909baf6f01909bb041260000',NULL,NULL,'Cambio',NULL,'REVISAR','4028c4eb90974bb70190976c8b84000e',NULL,NULL,NULL)
COMMIT
DELETE FROM SOLICITUD WHERE OID='4028c4eb90a158730190a17371330004'
INSERT INTO SOLICITUD VALUES('Cambio','4028c4eb90a158730190a17371330004','esto es una prueba de la pantalla de Cambio.',NULL,'Prueba Cambio','4028c4eb909174a30190917502500000','4028c4eb909baf6f01909bb041260000',NULL,NULL,'Cambio',NULL,'REVISAR','4028c4eb90974bb701909753229e0002',NULL,NULL,NULL)
COMMIT
DELETE FROM SOLICITUD WHERE OID='4028c4eb90a158730190a17371330004'
INSERT INTO SOLICITUD VALUES('Cambio','4028c4eb90a158730190a17371330004','esto es una prueba de la pantalla de Cambio.',NULL,'Prueba Cambio','4028c4eb909174a30190917502500000','4028c4eb909baf6f01909bb041260000',NULL,NULL,'Cambio',NULL,'ERROR','4028c4eb90974bb701909753229e0002',NULL,NULL,NULL)
COMMIT
DELETE FROM SOLICITUD WHERE OID='4028c4eb90a158730190a17371330004'
INSERT INTO SOLICITUD VALUES('Cambio','4028c4eb90a158730190a17371330004','esto es una prueba de la pantalla de Cambio.',NULL,'Prueba Cambio','4028c4eb909174a30190917502500000','4028c4eb909baf6f01909bb041260000',NULL,NULL,'Cambio',NULL,'ERROR','4028c4eb90974bb701909774a7e20018',NULL,NULL,NULL)
COMMIT
DELETE FROM SOLICITUD WHERE OID='4028c4eb90a158730190a17371330004'
INSERT INTO SOLICITUD VALUES('Cambio','4028c4eb90a158730190a17371330004','esto es una prueba de la pantalla de Cambio.',NULL,'Prueba Cambio','4028c4eb909174a30190917502500000','4028c4eb909baf6f01909bb041260000',NULL,NULL,'Cambio',NULL,'IMPLEMENTADO','4028c4eb90974bb701909774a7e20018',NULL,NULL,NULL)
COMMIT
DELETE FROM SOLICITUD WHERE OID='4028c4eb90a158730190a17371330004'
INSERT INTO SOLICITUD VALUES('Cambio','4028c4eb90a158730190a17371330004','esto es una prueba de la pantalla de Cambio.',NULL,'Prueba Cambio','4028c4eb909174a30190917502500000','4028c4eb909baf6f01909bb041260000',NULL,NULL,'Cambio',NULL,'IMPLEMENTADO','4028c4eb90974bb7019097710afd0016',NULL,NULL,NULL)
COMMIT
DELETE FROM SOLICITUD WHERE OID='4028c4eb90a158730190a17371330004'
INSERT INTO SOLICITUD VALUES('Cambio','4028c4eb90a158730190a17371330004','esto es una prueba de la pantalla de Cambio.',NULL,'Prueba Cambio','4028c4eb909174a30190917502500000','4028c4eb909baf6f01909bb041260000',NULL,NULL,'Cambio',NULL,'COMPLETADO','4028c4eb90974bb7019097710afd0016',NULL,NULL,NULL)
COMMIT
INSERT INTO SOLICITUD VALUES('Incidente','4028c4eb90a158730190a17c06d60005','esto es una prueba de la pantalla de Incidente.',NULL,'Prueba Incidente','4028c4eb909174a30190917502500000','4028c4eb909baf6f01909bb041260000',NULL,NULL,'Incidente',NULL,'','4028c4f090594a1a0190594a870f0001',NULL,NULL,NULL)
COMMIT
DELETE FROM SOLICITUD WHERE OID='4028c4eb90a158730190a17c06d60005'
INSERT INTO SOLICITUD VALUES('Incidente','4028c4eb90a158730190a17c06d60005','esto es una prueba de la pantalla de Incidente.',NULL,'Prueba Incidente','4028c4eb909174a30190917502500000','4028c4eb909baf6f01909bb041260000',NULL,NULL,'Incidente',NULL,'ABIERTO','4028c4f090594a1a0190594a870f0001',NULL,NULL,NULL)
COMMIT
DELETE FROM SOLICITUD WHERE OID='4028c4eb90a158730190a17c06d60005'
INSERT INTO SOLICITUD VALUES('Incidente','4028c4eb90a158730190a17c06d60005','esto es una prueba de la pantalla de Incidente.',NULL,'Prueba Incidente','4028c4eb909174a30190917502500000','4028c4eb909baf6f01909bb041260000',NULL,NULL,'Incidente',NULL,'ABIERTO','4028c4f090594a1a0190594a6d680000',NULL,NULL,NULL)
COMMIT
DELETE FROM SOLICITUD WHERE OID='4028c4eb90a158730190a17c06d60005'
INSERT INTO SOLICITUD VALUES('Incidente','4028c4eb90a158730190a17c06d60005','esto es una prueba de la pantalla de Incidente.',NULL,'Prueba Incidente','4028c4eb909174a30190917502500000','4028c4eb909baf6f01909bb041260000',NULL,NULL,'Incidente',NULL,'TRABAJO EN CURSO','4028c4f090594a1a0190594a6d680000',NULL,NULL,NULL)
COMMIT
DELETE FROM SOLICITUD WHERE OID='4028c4eb90a158730190a17c06d60005'
INSERT INTO SOLICITUD VALUES('Incidente','4028c4eb90a158730190a17c06d60005','esto es una prueba de la pantalla de Incidente.',NULL,'Prueba Incidente','4028c4eb909174a30190917502500000','4028c4eb909baf6f01909bb041260000',NULL,NULL,'Incidente',NULL,'TRABAJO EN CURSO','4028c4f090594a1a0190594bc7250005',NULL,NULL,NULL)
COMMIT
DELETE FROM SOLICITUD WHERE OID='4028c4eb90a158730190a17c06d60005'
INSERT INTO SOLICITUD VALUES('Incidente','4028c4eb90a158730190a17c06d60005','esto es una prueba de la pantalla de Incidente.',NULL,'Prueba Incidente','4028c4eb909174a30190917502500000','4028c4eb909baf6f01909bb041260000',NULL,NULL,'Incidente',NULL,'COMPLETADO','4028c4f090594a1a0190594bc7250005',NULL,NULL,NULL)
COMMIT
DELETE FROM SOLICITUD WHERE OID='4028c4eb90a158730190a17c06d60005'
INSERT INTO SOLICITUD VALUES('Incidente','4028c4eb90a158730190a17c06d60005','esto es una prueba de la pantalla de Incidente.',NULL,'Prueba Incidente','4028c4eb909174a30190917502500000','4028c4eb909baf6f01909bb041260000',NULL,NULL,'Incidente',NULL,'COMPLETADO','4028c4f0905991e801905992ea660000',NULL,NULL,NULL)
COMMIT
DELETE FROM SOLICITUD WHERE OID='4028c4eb90a158730190a17c06d60005'
INSERT INTO SOLICITUD VALUES('Incidente','4028c4eb90a158730190a17c06d60005','esto es una prueba de la pantalla de Incidente.',NULL,'Prueba Incidente','4028c4eb909174a30190917502500000','4028c4eb909baf6f01909bb041260000',NULL,NULL,'Incidente',NULL,'CERRADO','4028c4f0905991e801905992ea660000',NULL,NULL,NULL)
COMMIT
